../Core/Src/main.c:90:6:rt_OneStep	8	static
../Core/Src/main.c:121:6:float_to_string	40	static
../Core/Src/main.c:152:6:process_buffers	32	static
../Core/Src/main.c:173:6:StrCompare	32	static
../Core/Src/main.c:185:6:process_uart_string	24	static
../Core/Src/main.c:238:6:motor_set_duty	16	static
../Core/Src/main.c:254:6:motor_read_encoder	16	static
../Core/Src/main.c:268:5:main	8	static
../Core/Src/main.c:327:6:SystemClock_Config	88	static
../Core/Src/main.c:374:13:MX_TIM1_Init	56	static
../Core/Src/main.c:424:13:MX_TIM3_Init	48	static
../Core/Src/main.c:473:13:MX_TIM4_Init	32	static
../Core/Src/main.c:518:13:MX_UART4_Init	8	static
../Core/Src/main.c:549:13:MX_DMA_Init	16	static
../Core/Src/main.c:567:13:MX_GPIO_Init	48	static
../Core/Src/main.c:596:6:HAL_TIM_PeriodElapsedCallback	24	static
../Core/Src/main.c:660:6:HAL_UART_RxCpltCallback	16	static
../Core/Src/main.c:687:6:Error_Handler	4	static,ignoring_inline_asm
