../Core/Src/main.c:88:6:rt_OneStep	8	static
../Core/Src/main.c:119:6:float_to_string	40	static
../Core/Src/main.c:150:6:process_buffers	32	static
../Core/Src/main.c:171:6:StrCompare	32	static
../Core/Src/main.c:183:6:process_uart_string	24	static
../Core/Src/main.c:236:6:motor_set_duty	16	static
../Core/Src/main.c:252:6:motor_read_encoder	16	static
../Core/Src/main.c:266:5:main	8	static
../Core/Src/main.c:323:6:SystemClock_Config	88	static
../Core/Src/main.c:370:13:MX_TIM1_Init	56	static
../Core/Src/main.c:420:13:MX_TIM3_Init	48	static
../Core/Src/main.c:469:13:MX_TIM4_Init	32	static
../Core/Src/main.c:514:13:MX_UART4_Init	8	static
../Core/Src/main.c:547:13:MX_GPIO_Init	48	static
../Core/Src/main.c:576:6:HAL_TIM_PeriodElapsedCallback	24	static
../Core/Src/main.c:641:6:HAL_UART_RxCpltCallback	16	static
../Core/Src/main.c:668:6:Error_Handler	4	static,ignoring_inline_asm
